
dali_bootloader.elf:     file format elf32-littleriscv


Disassembly of section .init:

00000000 <InterruptVector>:

.section .init, "ax"
.global InterruptVector
.type InterruptVector, @function
InterruptVector:
    j _start
   0:	0040006f          	j	4 <_einit>

Disassembly of section .text:

00000004 <_start>:
.section .text
.global _start
.type _start, @function
_start:
    /* Set stack pointer */
    la sp, _eusrstack
   4:	20000117          	auipc	sp,0x20000
   8:	7fc10113          	addi	sp,sp,2044 # 20000800 <_eusrstack>

    /* Zero BSS */
    la a0, _sbss
   c:	20000517          	auipc	a0,0x20000
  10:	ff450513          	addi	a0,a0,-12 # 20000000 <fw_total_size>
    la a1, _ebss
  14:	20000597          	auipc	a1,0x20000
  18:	03458593          	addi	a1,a1,52 # 20000048 <_ebss>
1:  bgeu a0, a1, 2f
  1c:	00b57663          	bgeu	a0,a1,28 <_start+0x24>
    sw zero, 0(a0)
  20:	00052023          	sw	zero,0(a0)
    addi a0, a0, 4
  24:	0511                	addi	a0,a0,4
    j 1b
  26:	bfdd                	j	1c <_start+0x18>
2:

    /* Jump to main */
    j main
  28:	1d40006f          	j	1fc <main>

0000002c <delay>:
static inline int  btn_read(void) { return (GPIOA->INDR >> 1) & 1; }
static inline void tx_high(void)  { GPIOC->BSHR = 1 << 4; }
static inline void tx_low(void)   { GPIOC->BSHR = 1 << (4 + 16); }

static inline void delay(uint32_t cycles) {
    uint32_t start = SysTick->CNT;
  2c:	e000f7b7          	lui	a5,0xe000f
  30:	4798                	lw	a4,8(a5)
    while ((uint32_t)(SysTick->CNT - start) < cycles);
  32:	e000f6b7          	lui	a3,0xe000f
  36:	469c                	lw	a5,8(a3)
  38:	8f99                	sub	a5,a5,a4
  3a:	fea7eee3          	bltu	a5,a0,36 <delay+0xa>
}
  3e:	8082                	ret

00000040 <crc8_byte>:

/* ── CRC-8 (simple XOR + rotate, running over all firmware bytes) ── */
static uint8_t crc8_byte(uint8_t crc, uint8_t b) {
    crc ^= b;
  40:	8d2d                	xor	a0,a0,a1
  42:	4721                	li	a4,8
    for (int i = 0; i < 8; i++)
        crc = (crc & 0x80) ? (crc << 1) ^ 0x07 : crc << 1;
  44:	01851693          	slli	a3,a0,0x18
  48:	00151793          	slli	a5,a0,0x1
  4c:	86e1                	srai	a3,a3,0x18
  4e:	0ff7f513          	zext.b	a0,a5
  52:	0006d663          	bgez	a3,5e <crc8_byte+0x1e>
  56:	0077c793          	xori	a5,a5,7
  5a:	0ff7f513          	zext.b	a0,a5
    for (int i = 0; i < 8; i++)
  5e:	177d                	addi	a4,a4,-1
  60:	f375                	bnez	a4,44 <crc8_byte+0x4>
    return crc;
}
  62:	8082                	ret

00000064 <tx_byte>:
    *out = data;
    return 32;
}

/* ── Manchester TX: 8-bit backward frame ─────────────────────────── */
static void tx_byte(uint8_t val) {
  64:	1151                	addi	sp,sp,-12
  66:	c026                	sw	s1,0(sp)
  68:	84aa                	mv	s1,a0
    delay(BIT_CYCLES * 7);
  6a:	00022537          	lui	a0,0x22
  6e:	2e050513          	addi	a0,a0,736 # 222e0 <dali_bootloader_105.c.ac1a524d+0x21c30>
static void tx_byte(uint8_t val) {
  72:	c406                	sw	ra,8(sp)
  74:	c222                	sw	s0,4(sp)
    delay(BIT_CYCLES * 7);
  76:	3f5d                	jal	2c <delay>
static inline void tx_low(void)   { GPIOC->BSHR = 1 << (4 + 16); }
  78:	400117b7          	lui	a5,0x40011
  7c:	00100737          	lui	a4,0x100
    tx_low();  delay(HALF_BIT_CYCLES);
  80:	6409                	lui	s0,0x2
static inline void tx_low(void)   { GPIOC->BSHR = 1 << (4 + 16); }
  82:	cb98                	sw	a4,16(a5)
    tx_low();  delay(HALF_BIT_CYCLES);
  84:	71040513          	addi	a0,s0,1808 # 2710 <dali_bootloader_105.c.ac1a524d+0x2060>
  88:	3755                	jal	2c <delay>
static inline void tx_high(void)  { GPIOC->BSHR = 1 << 4; }
  8a:	4741                	li	a4,16
  8c:	400117b7          	lui	a5,0x40011
    tx_high(); delay(HALF_BIT_CYCLES);
  90:	71040513          	addi	a0,s0,1808
static inline void tx_high(void)  { GPIOC->BSHR = 1 << 4; }
  94:	cb98                	sw	a4,16(a5)
    tx_high(); delay(HALF_BIT_CYCLES);
  96:	3f59                	jal	2c <delay>
    for (int i = 7; i >= 0; i--) {
  98:	441d                	li	s0,7
        if (val & (1 << i)) {
  9a:	4084d7b3          	sra	a5,s1,s0
  9e:	8b85                	andi	a5,a5,1
static inline void tx_low(void)   { GPIOC->BSHR = 1 << (4 + 16); }
  a0:	40011737          	lui	a4,0x40011
        if (val & (1 << i)) {
  a4:	c3a1                	beqz	a5,e4 <tx_byte+0x80>
static inline void tx_low(void)   { GPIOC->BSHR = 1 << (4 + 16); }
  a6:	001007b7          	lui	a5,0x100
  aa:	cb1c                	sw	a5,16(a4)
            tx_low();  delay(HALF_BIT_CYCLES);
  ac:	6789                	lui	a5,0x2
  ae:	71078513          	addi	a0,a5,1808 # 2710 <dali_bootloader_105.c.ac1a524d+0x2060>
  b2:	3fad                	jal	2c <delay>
static inline void tx_high(void)  { GPIOC->BSHR = 1 << 4; }
  b4:	46c1                	li	a3,16
            tx_high(); delay(HALF_BIT_CYCLES);
        } else {
            tx_high(); delay(HALF_BIT_CYCLES);
            tx_low();  delay(HALF_BIT_CYCLES);
  b6:	6789                	lui	a5,0x2
static inline void tx_low(void)   { GPIOC->BSHR = 1 << (4 + 16); }
  b8:	40011737          	lui	a4,0x40011
            tx_low();  delay(HALF_BIT_CYCLES);
  bc:	71078513          	addi	a0,a5,1808 # 2710 <dali_bootloader_105.c.ac1a524d+0x2060>
static inline void tx_low(void)   { GPIOC->BSHR = 1 << (4 + 16); }
  c0:	cb14                	sw	a3,16(a4)
            tx_low();  delay(HALF_BIT_CYCLES);
  c2:	37ad                	jal	2c <delay>
    for (int i = 7; i >= 0; i--) {
  c4:	147d                	addi	s0,s0,-1
  c6:	57fd                	li	a5,-1
  c8:	fcf419e3          	bne	s0,a5,9a <tx_byte+0x36>
        }
    }
    tx_high();
    delay(BIT_CYCLES * 4);
}
  cc:	4412                	lw	s0,4(sp)
  ce:	40a2                	lw	ra,8(sp)
  d0:	4482                	lw	s1,0(sp)
static inline void tx_high(void)  { GPIOC->BSHR = 1 << 4; }
  d2:	400117b7          	lui	a5,0x40011
  d6:	4741                	li	a4,16
  d8:	cb98                	sw	a4,16(a5)
    delay(BIT_CYCLES * 4);
  da:	6551                	lui	a0,0x14
  dc:	88050513          	addi	a0,a0,-1920 # 13880 <dali_bootloader_105.c.ac1a524d+0x131d0>
}
  e0:	0131                	addi	sp,sp,12
    delay(BIT_CYCLES * 4);
  e2:	b7a9                	j	2c <delay>
static inline void tx_high(void)  { GPIOC->BSHR = 1 << 4; }
  e4:	47c1                	li	a5,16
  e6:	cb1c                	sw	a5,16(a4)
            tx_high(); delay(HALF_BIT_CYCLES);
  e8:	6789                	lui	a5,0x2
  ea:	71078513          	addi	a0,a5,1808 # 2710 <dali_bootloader_105.c.ac1a524d+0x2060>
  ee:	3f3d                	jal	2c <delay>
static inline void tx_low(void)   { GPIOC->BSHR = 1 << (4 + 16); }
  f0:	001006b7          	lui	a3,0x100
  f4:	b7c9                	j	b6 <tx_byte+0x52>

000000f6 <flush_to_eeprom>:
static uint8_t  page_buf[EE_PAGE_SIZE] __attribute__((aligned(4)));
static uint8_t  page_pos;
static uint16_t ee_write_addr;
static uint16_t fw_total_size;

static void flush_to_eeprom(void) {
  f6:	1151                	addi	sp,sp,-12
    if (page_pos == 0) return;
  f8:	20000737          	lui	a4,0x20000
static void flush_to_eeprom(void) {
  fc:	c222                	sw	s0,4(sp)
    if (page_pos == 0) return;
  fe:	00474403          	lbu	s0,4(a4) # 20000004 <page_pos>
static void flush_to_eeprom(void) {
 102:	c406                	sw	ra,8(sp)
 104:	c026                	sw	s1,0(sp)
    if (page_pos == 0) return;
 106:	c475                	beqz	s0,1f2 <flush_to_eeprom+0xfc>
    I2C1->CTLR1 |= I2C_CTLR1_START;
 108:	400057b7          	lui	a5,0x40005
 10c:	4007d603          	lhu	a2,1024(a5) # 40005400 <_eusrstack+0x20004c00>
    ee_write(ee_write_addr, page_buf, page_pos);
 110:	200006b7          	lui	a3,0x20000
 114:	0026d483          	lhu	s1,2(a3) # 20000002 <ee_write_addr>
    I2C1->CTLR1 |= I2C_CTLR1_START;
 118:	10066613          	ori	a2,a2,256
 11c:	40c79023          	sh	a2,1024(a5)
    while (!(I2C1->STAR1 & I2C_STAR1_SB));
 120:	40078793          	addi	a5,a5,1024
 124:	0147d603          	lhu	a2,20(a5)
 128:	8a05                	andi	a2,a2,1
 12a:	de6d                	beqz	a2,124 <flush_to_eeprom+0x2e>
    I2C1->DATAR = EE_I2C_ADDR;
 12c:	0a000613          	li	a2,160
 130:	00c79823          	sh	a2,16(a5)
    while (!(I2C1->STAR1 & I2C_STAR1_ADDR));
 134:	400057b7          	lui	a5,0x40005
 138:	40078793          	addi	a5,a5,1024 # 40005400 <_eusrstack+0x20004c00>
 13c:	0147d603          	lhu	a2,20(a5)
 140:	8a09                	andi	a2,a2,2
 142:	de6d                	beqz	a2,13c <flush_to_eeprom+0x46>
    (void)I2C1->STAR2;
 144:	0187d603          	lhu	a2,24(a5)
    I2C1->DATAR = addr >> 8;
 148:	0084d613          	srli	a2,s1,0x8
 14c:	00c79823          	sh	a2,16(a5)
    while (!(I2C1->STAR1 & I2C_STAR1_TXE));
 150:	400057b7          	lui	a5,0x40005
 154:	40078793          	addi	a5,a5,1024 # 40005400 <_eusrstack+0x20004c00>
 158:	0147d603          	lhu	a2,20(a5)
 15c:	08067613          	andi	a2,a2,128
 160:	de65                	beqz	a2,158 <flush_to_eeprom+0x62>
    I2C1->DATAR = addr & 0xFF;
 162:	0ff4f613          	zext.b	a2,s1
 166:	00c79823          	sh	a2,16(a5)
    while (!(I2C1->STAR1 & I2C_STAR1_TXE));
 16a:	40005637          	lui	a2,0x40005
 16e:	40060613          	addi	a2,a2,1024 # 40005400 <_eusrstack+0x20004c00>
 172:	01465783          	lhu	a5,20(a2)
 176:	0807f793          	andi	a5,a5,128
 17a:	dfe5                	beqz	a5,172 <flush_to_eeprom+0x7c>
        I2C1->DATAR = data[i];
 17c:	20000637          	lui	a2,0x20000
 180:	4781                	li	a5,0
 182:	00860613          	addi	a2,a2,8 # 20000008 <page_buf>
 186:	40005337          	lui	t1,0x40005
 18a:	00c785b3          	add	a1,a5,a2
 18e:	0005c583          	lbu	a1,0(a1)
 192:	40030513          	addi	a0,t1,1024 # 40005400 <_eusrstack+0x20004c00>
 196:	00b51823          	sh	a1,16(a0)
        while (!(I2C1->STAR1 & I2C_STAR1_TXE));
 19a:	01455583          	lhu	a1,20(a0)
 19e:	0805f593          	andi	a1,a1,128
 1a2:	dde5                	beqz	a1,19a <flush_to_eeprom+0xa4>
    for (uint8_t i = 0; i < len; i++) {
 1a4:	0785                	addi	a5,a5,1
 1a6:	0ff7f593          	zext.b	a1,a5
 1aa:	fe85e0e3          	bltu	a1,s0,18a <flush_to_eeprom+0x94>
    while (!(I2C1->STAR1 & I2C_STAR1_BTF));
 1ae:	400057b7          	lui	a5,0x40005
 1b2:	40078593          	addi	a1,a5,1024 # 40005400 <_eusrstack+0x20004c00>
 1b6:	0145d603          	lhu	a2,20(a1)
 1ba:	8a11                	andi	a2,a2,4
 1bc:	de6d                	beqz	a2,1b6 <flush_to_eeprom+0xc0>
    I2C1->CTLR1 |= I2C_CTLR1_STOP;
 1be:	4007d603          	lhu	a2,1024(a5)
    delay(120000);
 1c2:	6575                	lui	a0,0x1d
 1c4:	4c050513          	addi	a0,a0,1216 # 1d4c0 <dali_bootloader_105.c.ac1a524d+0x1ce10>
    I2C1->CTLR1 |= I2C_CTLR1_STOP;
 1c8:	20066613          	ori	a2,a2,512
 1cc:	40c79023          	sh	a2,1024(a5)
    delay(120000);
 1d0:	3db1                	jal	2c <delay>
    ee_write_addr += page_pos;
 1d2:	94a2                	add	s1,s1,s0
 1d4:	200006b7          	lui	a3,0x20000
    fw_total_size += page_pos;
 1d8:	200007b7          	lui	a5,0x20000
    ee_write_addr += page_pos;
 1dc:	00969123          	sh	s1,2(a3) # 20000002 <ee_write_addr>
    fw_total_size += page_pos;
 1e0:	0007d683          	lhu	a3,0(a5) # 20000000 <fw_total_size>
    page_pos = 0;
 1e4:	20000737          	lui	a4,0x20000
 1e8:	00070223          	sb	zero,4(a4) # 20000004 <page_pos>
    fw_total_size += page_pos;
 1ec:	9436                	add	s0,s0,a3
 1ee:	00879023          	sh	s0,0(a5)
}
 1f2:	40a2                	lw	ra,8(sp)
 1f4:	4412                	lw	s0,4(sp)
 1f6:	4482                	lw	s1,0(sp)
 1f8:	0131                	addi	sp,sp,12
 1fa:	8082                	ret

000001fc <main>:
    FLASH->CTLR = CR_LOCK_Set;
}

/* ── Main ────────────────────────────────────────────────────────── */
int main(void) {
    RCC->CTLR |= (1 << 0);
 1fc:	400217b7          	lui	a5,0x40021
 200:	4398                	lw	a4,0(a5)
int main(void) {
 202:	fa410113          	addi	sp,sp,-92
 206:	cc86                	sw	ra,88(sp)
 208:	caa2                	sw	s0,84(sp)
 20a:	c8a6                	sw	s1,80(sp)
    RCC->CTLR |= (1 << 0);
 20c:	00176713          	ori	a4,a4,1
 210:	c398                	sw	a4,0(a5)
    RCC->CFGR0 = 0;
 212:	0007a223          	sw	zero,4(a5) # 40021004 <_eusrstack+0x20020804>
    while (RCC->CFGR0 & 0x0C) {}
 216:	43d8                	lw	a4,4(a5)
 218:	8b31                	andi	a4,a4,12
 21a:	ff75                	bnez	a4,216 <main+0x1a>
    RCC->CTLR &= ~(1 << 24);
 21c:	4398                	lw	a4,0(a5)
 21e:	ff0006b7          	lui	a3,0xff000
 222:	16fd                	addi	a3,a3,-1 # feffffff <_eusrstack+0xdefff7ff>
 224:	8f75                	and	a4,a4,a3
 226:	c398                	sw	a4,0(a5)

    SysTick->CTLR = 5;
 228:	e000f4b7          	lui	s1,0xe000f
 22c:	4715                	li	a4,5
 22e:	c098                	sw	a4,0(s1)
    RCC->APB2PCENR |= RCC_APB2Periph_GPIOA | RCC_APB2Periph_GPIOC;
 230:	4f98                	lw	a4,24(a5)

    GPIOC->CFGLR = 0x44444444;
    GPIOC->CFGLR &= ~(0xFu << (4*4));
 232:	fff106b7          	lui	a3,0xfff10
 236:	16fd                	addi	a3,a3,-1 # fff0ffff <_eusrstack+0xdff0f7ff>
    RCC->APB2PCENR |= RCC_APB2Periph_GPIOA | RCC_APB2Periph_GPIOC;
 238:	01476713          	ori	a4,a4,20
 23c:	cf98                	sw	a4,24(a5)
    GPIOC->CFGLR = 0x44444444;
 23e:	44444737          	lui	a4,0x44444
 242:	400117b7          	lui	a5,0x40011
 246:	44470713          	addi	a4,a4,1092 # 44444444 <_eusrstack+0x24443c44>
 24a:	c398                	sw	a4,0(a5)
    GPIOC->CFGLR &= ~(0xFu << (4*4));
 24c:	4398                	lw	a4,0(a5)
    GPIOC->CFGLR |= (GPIO_Speed_50MHz | GPIO_CNF_OUT_PP) << (4*4);
    tx_high();

    GPIOA->CFGLR &= ~(0xFu << (1*4));
 24e:	80078413          	addi	s0,a5,-2048 # 40010800 <_eusrstack+0x20010000>
    GPIOA->CFGLR |= (GPIO_Speed_In | GPIO_CNF_IN_PUPD) << (1*4);
    GPIOA->BSHR = (1 << 1);

    uint8_t sw_boot = (*BOOTLOADER_MAGIC_ADDR == BOOTLOADER_MAGIC_VALUE);
    *BOOTLOADER_MAGIC_ADDR = 0;
    delay(24000);
 252:	6519                	lui	a0,0x6
    GPIOC->CFGLR &= ~(0xFu << (4*4));
 254:	8f75                	and	a4,a4,a3
 256:	c398                	sw	a4,0(a5)
    GPIOC->CFGLR |= (GPIO_Speed_50MHz | GPIO_CNF_OUT_PP) << (4*4);
 258:	4398                	lw	a4,0(a5)
 25a:	000306b7          	lui	a3,0x30
    delay(24000);
 25e:	dc050513          	addi	a0,a0,-576 # 5dc0 <dali_bootloader_105.c.ac1a524d+0x5710>
    GPIOC->CFGLR |= (GPIO_Speed_50MHz | GPIO_CNF_OUT_PP) << (4*4);
 262:	8f55                	or	a4,a4,a3
 264:	c398                	sw	a4,0(a5)
static inline void tx_high(void)  { GPIOC->BSHR = 1 << 4; }
 266:	4741                	li	a4,16
 268:	cb98                	sw	a4,16(a5)
    GPIOA->CFGLR &= ~(0xFu << (1*4));
 26a:	401c                	lw	a5,0(s0)
 26c:	f0f7f793          	andi	a5,a5,-241
 270:	c01c                	sw	a5,0(s0)
    GPIOA->CFGLR |= (GPIO_Speed_In | GPIO_CNF_IN_PUPD) << (1*4);
 272:	401c                	lw	a5,0(s0)
 274:	0807e793          	ori	a5,a5,128
 278:	c01c                	sw	a5,0(s0)
    GPIOA->BSHR = (1 << 1);
 27a:	4789                	li	a5,2
 27c:	c81c                	sw	a5,16(s0)
    uint8_t sw_boot = (*BOOTLOADER_MAGIC_ADDR == BOOTLOADER_MAGIC_VALUE);
 27e:	200007b7          	lui	a5,0x20000
 282:	7f078793          	addi	a5,a5,2032 # 200007f0 <_ebss+0x7a8>
 286:	4398                	lw	a4,0(a5)
 288:	c03a                	sw	a4,0(sp)
    *BOOTLOADER_MAGIC_ADDR = 0;
 28a:	0007a023          	sw	zero,0(a5)
    delay(24000);
 28e:	3b79                	jal	2c <delay>
    if (!sw_boot && btn_read())
 290:	4702                	lw	a4,0(sp)
 292:	dab017b7          	lui	a5,0xdab01
 296:	dad78793          	addi	a5,a5,-595 # dab00dad <_eusrstack+0xbab005ad>
 29a:	02f70b63          	beq	a4,a5,2d0 <main+0xd4>
static inline int  btn_read(void) { return (GPIOA->INDR >> 1) & 1; }
 29e:	441c                	lw	a5,8(s0)
 2a0:	8385                	srli	a5,a5,0x1
    if (!sw_boot && btn_read())
 2a2:	8b85                	andi	a5,a5,1
 2a4:	c795                	beqz	a5,2d0 <main+0xd4>
    FLASH->BOOT_MODEKEYR = FLASH_KEY1;
 2a6:	45670737          	lui	a4,0x45670
 2aa:	400227b7          	lui	a5,0x40022
 2ae:	12370713          	addi	a4,a4,291 # 45670123 <_eusrstack+0x2566f923>
 2b2:	d798                	sw	a4,40(a5)
    FLASH->BOOT_MODEKEYR = FLASH_KEY2;
 2b4:	cdef9737          	lui	a4,0xcdef9
 2b8:	9ab70713          	addi	a4,a4,-1621 # cdef89ab <_eusrstack+0xadef81ab>
 2bc:	d798                	sw	a4,40(a5)
    FLASH->STATR = 0;
 2be:	0007a623          	sw	zero,12(a5) # 4002200c <_eusrstack+0x2002180c>
    FLASH->CTLR = CR_LOCK_Set;
 2c2:	08000713          	li	a4,128
 2c6:	cb98                	sw	a4,16(a5)
    PFIC->SCTLR = 1 << 31;
 2c8:	800007b7          	lui	a5,0x80000
 2cc:	d0f4a823          	sw	a5,-752(s1) # e000ed10 <_eusrstack+0xc000e510>
    RCC->APB1PCENR |= RCC_APB1Periph_I2C1;
 2d0:	40021737          	lui	a4,0x40021
 2d4:	4f5c                	lw	a5,28(a4)
 2d6:	002006b7          	lui	a3,0x200

    volatile uint32_t *nvm = (volatile uint32_t *)NVM_PAGE_ADDR;
    uint8_t my_addr_byte;
    if (nvm[0] == NVM_MAGIC) {
        uint8_t sa = ((volatile uint8_t *)NVM_PAGE_ADDR)[4];
        my_addr_byte = (sa <= 63) ? (sa << 1) | 1 : 0xFF;
 2da:	0ff00613          	li	a2,255
    RCC->APB1PCENR |= RCC_APB1Periph_I2C1;
 2de:	8fd5                	or	a5,a5,a3
 2e0:	cf5c                	sw	a5,28(a4)
    GPIOC->CFGLR &= ~(0xFFu << 4);
 2e2:	400117b7          	lui	a5,0x40011
 2e6:	4398                	lw	a4,0(a5)
 2e8:	76fd                	lui	a3,0xfffff
 2ea:	06bd                	addi	a3,a3,15 # fffff00f <_eusrstack+0xdfffe80f>
 2ec:	8f75                	and	a4,a4,a3
 2ee:	c398                	sw	a4,0(a5)
    GPIOC->CFGLR |= (0xDDu << 4);
 2f0:	4398                	lw	a4,0(a5)
 2f2:	6685                	lui	a3,0x1
 2f4:	dd068693          	addi	a3,a3,-560 # dd0 <dali_bootloader_105.c.ac1a524d+0x720>
 2f8:	8f55                	or	a4,a4,a3
 2fa:	c398                	sw	a4,0(a5)
    I2C1->CTLR2 = 24;
 2fc:	46e1                	li	a3,24
 2fe:	400057b7          	lui	a5,0x40005
 302:	40d79223          	sh	a3,1028(a5) # 40005404 <_eusrstack+0x20004c04>
    I2C1->CKCFGR = 120;
 306:	07800693          	li	a3,120
 30a:	40d79e23          	sh	a3,1052(a5)
    I2C1->CTLR1 = I2C_CTLR1_PE;
 30e:	4705                	li	a4,1
 310:	40e79023          	sh	a4,1024(a5)
    if (nvm[0] == NVM_MAGIC) {
 314:	08004737          	lui	a4,0x8004
 318:	fc070793          	addi	a5,a4,-64 # 8003fc0 <dali_bootloader_105.c.ac1a524d+0x8003910>
 31c:	4394                	lw	a3,0(a5)
 31e:	444157b7          	lui	a5,0x44415
 322:	c4978793          	addi	a5,a5,-951 # 44414c49 <_eusrstack+0x24414449>
        my_addr_byte = (sa <= 63) ? (sa << 1) | 1 : 0xFF;
 326:	c232                	sw	a2,4(sp)
    if (nvm[0] == NVM_MAGIC) {
 328:	02f69063          	bne	a3,a5,348 <main+0x14c>
        uint8_t sa = ((volatile uint8_t *)NVM_PAGE_ADDR)[4];
 32c:	fc474703          	lbu	a4,-60(a4)
        my_addr_byte = (sa <= 63) ? (sa << 1) | 1 : 0xFF;
 330:	03f00693          	li	a3,63
        uint8_t sa = ((volatile uint8_t *)NVM_PAGE_ADDR)[4];
 334:	0ff77793          	zext.b	a5,a4
        my_addr_byte = (sa <= 63) ? (sa << 1) | 1 : 0xFF;
 338:	00e6e863          	bltu	a3,a4,348 <main+0x14c>
 33c:	0786                	slli	a5,a5,0x1
 33e:	0017e793          	ori	a5,a5,1
 342:	0ff7f793          	zext.b	a5,a5
 346:	c23e                	sw	a5,4(sp)
    }

    uint8_t  bulk_mode = 0;     /* 1 = accepting 0xBD bulk data */
    uint8_t  running_crc = 0;   /* CRC-8 over all firmware bytes */

    page_pos = 0;
 348:	200007b7          	lui	a5,0x20000
 34c:	00078223          	sb	zero,4(a5) # 20000004 <page_pos>
    ee_write_addr = 0;
 350:	200007b7          	lui	a5,0x20000
 354:	00079123          	sh	zero,2(a5) # 20000002 <ee_write_addr>
    fw_total_size = 0;
 358:	200007b7          	lui	a5,0x20000
 35c:	00079023          	sh	zero,0(a5) # 20000000 <fw_total_size>
    uint8_t  running_crc = 0;   /* CRC-8 over all firmware bytes */
 360:	c002                	sw	zero,0(sp)
            case CMD_QUERY_CRC:
                tx_byte(running_crc);
                break;

            case CMD_COMMIT:
                bulk_mode = 0;
 362:	c402                	sw	zero,8(sp)
 364:	a801                	j	374 <main+0x178>
            running_crc = crc8_byte(running_crc, d0);
 366:	4502                	lw	a0,0(sp)
 368:	39e1                	jal	40 <crc8_byte>
            running_crc = crc8_byte(running_crc, d1);
 36a:	85a6                	mv	a1,s1
 36c:	39d1                	jal	40 <crc8_byte>
            running_crc = crc8_byte(running_crc, d2);
 36e:	85a2                	mv	a1,s0
 370:	39c1                	jal	40 <crc8_byte>
 372:	c02a                	sw	a0,0(sp)
    uint8_t  bulk_mode = 0;     /* 1 = accepting 0xBD bulk data */
 374:	01000637          	lui	a2,0x1000
static inline int  bus_read(void) { return (GPIOC->INDR >> 3) & 1; }
 378:	400116b7          	lui	a3,0x40011
    uint8_t  bulk_mode = 0;     /* 1 = accepting 0xBD bulk data */
 37c:	fff60793          	addi	a5,a2,-1 # ffffff <dali_bootloader_105.c.ac1a524d+0xfff94f>
static inline int  bus_read(void) { return (GPIOC->INDR >> 3) & 1; }
 380:	4698                	lw	a4,8(a3)
    while (!bus_read()) { if (--timeout == 0) return 0; }
 382:	8b21                	andi	a4,a4,8
 384:	cf71                	beqz	a4,460 <main+0x264>
static inline int  bus_read(void) { return (GPIOC->INDR >> 3) & 1; }
 386:	4680                	lw	s0,8(a3)
 388:	8821                	andi	s0,s0,8
    while ( bus_read()) { if (--timeout == 0) return 0; }
 38a:	ec71                	bnez	s0,466 <main+0x26a>
    delay(BIT_CYCLES + HALF_BIT_CYCLES + HALF_BIT_CYCLES / 2);
 38c:	6525                	lui	a0,0x9
 38e:	8b850513          	addi	a0,a0,-1864 # 88b8 <dali_bootloader_105.c.ac1a524d+0x8208>
 392:	3969                	jal	2c <delay>
    for (int i = 0; i < 16; i++) {
 394:	4701                	li	a4,0
static inline int  bus_read(void) { return (GPIOC->INDR >> 3) & 1; }
 396:	400114b7          	lui	s1,0x40011
 39a:	449c                	lw	a5,8(s1)
        data = (data << 1) | bus_read();
 39c:	0406                	slli	s0,s0,0x1
static inline int  bus_read(void) { return (GPIOC->INDR >> 3) & 1; }
 39e:	838d                	srli	a5,a5,0x3
        data = (data << 1) | bus_read();
 3a0:	8b85                	andi	a5,a5,1
 3a2:	8c5d                	or	s0,s0,a5
        if (i < 15) delay(BIT_CYCLES);
 3a4:	47bd                	li	a5,15
 3a6:	0cf71363          	bne	a4,a5,46c <main+0x270>
    delay(HALF_BIT_CYCLES);
 3aa:	6709                	lui	a4,0x2
 3ac:	71070513          	addi	a0,a4,1808 # 2710 <dali_bootloader_105.c.ac1a524d+0x2060>
 3b0:	39b5                	jal	2c <delay>
static inline int  bus_read(void) { return (GPIOC->INDR >> 3) & 1; }
 3b2:	449c                	lw	a5,8(s1)
    if (bus_read()) {
 3b4:	8ba1                	andi	a5,a5,8
 3b6:	e3f9                	bnez	a5,47c <main+0x280>
 3b8:	6709                	lui	a4,0x2
    delay(HALF_BIT_CYCLES);  /* finish bit 17 first half, now at mid-second-half */
 3ba:	71070513          	addi	a0,a4,1808 # 2710 <dali_bootloader_105.c.ac1a524d+0x2060>
 3be:	31bd                	jal	2c <delay>
    data = (data << 1) | bus_read();
 3c0:	00141793          	slli	a5,s0,0x1
static inline int  bus_read(void) { return (GPIOC->INDR >> 3) & 1; }
 3c4:	4480                	lw	s0,8(s1)
        delay(BIT_CYCLES);
 3c6:	6495                	lui	s1,0x5
    data = (data << 1) | bus_read();
 3c8:	473d                	li	a4,15
static inline int  bus_read(void) { return (GPIOC->INDR >> 3) & 1; }
 3ca:	800d                	srli	s0,s0,0x3
    data = (data << 1) | bus_read();
 3cc:	8805                	andi	s0,s0,1
 3ce:	8c5d                	or	s0,s0,a5
        delay(BIT_CYCLES);
 3d0:	e2048493          	addi	s1,s1,-480 # 4e20 <dali_bootloader_105.c.ac1a524d+0x4770>
 3d4:	8526                	mv	a0,s1
 3d6:	c63a                	sw	a4,12(sp)
 3d8:	3991                	jal	2c <delay>
static inline int  bus_read(void) { return (GPIOC->INDR >> 3) & 1; }
 3da:	400117b7          	lui	a5,0x40011
 3de:	479c                	lw	a5,8(a5)
    for (int i = 17; i < 32; i++) {
 3e0:	4732                	lw	a4,12(sp)
        data = (data << 1) | bus_read();
 3e2:	0406                	slli	s0,s0,0x1
static inline int  bus_read(void) { return (GPIOC->INDR >> 3) & 1; }
 3e4:	838d                	srli	a5,a5,0x3
        data = (data << 1) | bus_read();
 3e6:	8b85                	andi	a5,a5,1
    for (int i = 17; i < 32; i++) {
 3e8:	177d                	addi	a4,a4,-1
        data = (data << 1) | bus_read();
 3ea:	8c5d                	or	s0,s0,a5
    for (int i = 17; i < 32; i++) {
 3ec:	f765                	bnez	a4,3d4 <main+0x1d8>
        if (bits == 32 && bulk_mode) {
 3ee:	47a2                	lw	a5,8(sp)
 3f0:	dbad                	beqz	a5,362 <main+0x166>
            uint8_t b0 = (frame >> 24);
 3f2:	01845793          	srli	a5,s0,0x18
            if (b0 != BULK_DATA_ADDR) continue;
 3f6:	0bd00713          	li	a4,189
 3fa:	f6e79de3          	bne	a5,a4,374 <main+0x178>
            page_buf[page_pos++] = d0;
 3fe:	20000637          	lui	a2,0x20000
 402:	00464783          	lbu	a5,4(a2) # 20000004 <page_pos>
 406:	20000737          	lui	a4,0x20000
 40a:	00870693          	addi	a3,a4,8 # 20000008 <page_buf>
            uint8_t d0 = (frame >> 16);
 40e:	01045593          	srli	a1,s0,0x10
            page_buf[page_pos++] = d0;
 412:	00f68733          	add	a4,a3,a5
            uint8_t d0 = (frame >> 16);
 416:	0ff5f593          	zext.b	a1,a1
            page_buf[page_pos++] = d0;
 41a:	00b70023          	sb	a1,0(a4)
 41e:	00178713          	addi	a4,a5,1 # 40011001 <_eusrstack+0x20010801>
            uint8_t d1 = (frame >> 8);
 422:	00845493          	srli	s1,s0,0x8
            page_buf[page_pos++] = d1;
 426:	0ff77713          	zext.b	a4,a4
 42a:	9736                	add	a4,a4,a3
            uint8_t d1 = (frame >> 8);
 42c:	0ff4f493          	zext.b	s1,s1
            page_buf[page_pos++] = d1;
 430:	00970023          	sb	s1,0(a4)
            page_buf[page_pos++] = d2;
 434:	00378713          	addi	a4,a5,3
            page_buf[page_pos++] = d1;
 438:	0789                	addi	a5,a5,2
            page_buf[page_pos++] = d2;
 43a:	0ff7f793          	zext.b	a5,a5
 43e:	97b6                	add	a5,a5,a3
            uint8_t d2 = frame;
 440:	0ff47413          	zext.b	s0,s0
            page_buf[page_pos++] = d2;
 444:	0ff77713          	zext.b	a4,a4
 448:	00878023          	sb	s0,0(a5)
 44c:	00e60223          	sb	a4,4(a2)
            if (page_pos >= EE_PAGE_SIZE)
 450:	03f00793          	li	a5,63
 454:	f0e7f9e3          	bgeu	a5,a4,366 <main+0x16a>
 458:	c62e                	sw	a1,12(sp)
                flush_to_eeprom();
 45a:	3971                	jal	f6 <flush_to_eeprom>
 45c:	45b2                	lw	a1,12(sp)
 45e:	b721                	j	366 <main+0x16a>
    while (!bus_read()) { if (--timeout == 0) return 0; }
 460:	17fd                	addi	a5,a5,-1
 462:	ff99                	bnez	a5,380 <main+0x184>
 464:	bf21                	j	37c <main+0x180>
    while ( bus_read()) { if (--timeout == 0) return 0; }
 466:	17fd                	addi	a5,a5,-1
 468:	ff99                	bnez	a5,386 <main+0x18a>
 46a:	bf09                	j	37c <main+0x180>
        if (i < 15) delay(BIT_CYCLES);
 46c:	6515                	lui	a0,0x5
 46e:	e2050513          	addi	a0,a0,-480 # 4e20 <dali_bootloader_105.c.ac1a524d+0x4770>
 472:	c63a                	sw	a4,12(sp)
 474:	3e65                	jal	2c <delay>
    for (int i = 0; i < 16; i++) {
 476:	4732                	lw	a4,12(sp)
 478:	0705                	addi	a4,a4,1
 47a:	bf31                	j	396 <main+0x19a>
            if (my_addr_byte != 0xFF && addr != my_addr_byte && addr != 0xFF)
 47c:	4792                	lw	a5,4(sp)
 47e:	0ff00713          	li	a4,255
 482:	08e79c63          	bne	a5,a4,51a <main+0x31e>
            switch (data) {
 486:	0ff47413          	zext.b	s0,s0
 48a:	08700793          	li	a5,135
 48e:	26f40763          	beq	s0,a5,6fc <dali_bootloader_105.c.ac1a524d+0x4c>
 492:	0887ee63          	bltu	a5,s0,52e <main+0x332>
 496:	08400793          	li	a5,132
 49a:	0af40163          	beq	s0,a5,53c <main+0x340>
 49e:	08600793          	li	a5,134
 4a2:	ecf419e3          	bne	s0,a5,374 <main+0x178>
                flush_to_eeprom();
 4a6:	3981                	jal	f6 <flush_to_eeprom>
    FLASH->KEYR = 0x45670123;
 4a8:	456706b7          	lui	a3,0x45670
 4ac:	400227b7          	lui	a5,0x40022
 4b0:	12368693          	addi	a3,a3,291 # 45670123 <_eusrstack+0x2566f923>
    FLASH->KEYR = 0xCDEF89AB;
 4b4:	cdef9737          	lui	a4,0xcdef9
    FLASH->KEYR = 0x45670123;
 4b8:	c3d4                	sw	a3,4(a5)
    FLASH->KEYR = 0xCDEF89AB;
 4ba:	9ab70713          	addi	a4,a4,-1621 # cdef89ab <_eusrstack+0xadef81ab>
 4be:	c3d8                	sw	a4,4(a5)
    FLASH->MODEKEYR = 0x45670123;
 4c0:	d3d4                	sw	a3,36(a5)
    FLASH->CTLR = CR_PAGE_ER;
 4c2:	000205b7          	lui	a1,0x20
    for (int p = 0; p < NUM_PAGES; p++)
 4c6:	080046b7          	lui	a3,0x8004
    FLASH->MODEKEYR = 0xCDEF89AB;
 4ca:	d3d8                	sw	a4,36(a5)
    FLASH->CTLR = CR_STRT_Set | CR_PAGE_ER;
 4cc:	04058513          	addi	a0,a1,64 # 20040 <dali_bootloader_105.c.ac1a524d+0x1f990>
    FLASH->MODEKEYR = 0xCDEF89AB;
 4d0:	08000737          	lui	a4,0x8000
    for (int p = 0; p < NUM_PAGES; p++)
 4d4:	88068693          	addi	a3,a3,-1920 # 8003880 <dali_bootloader_105.c.ac1a524d+0x80031d0>
    FLASH->CTLR = CR_PAGE_ER;
 4d8:	cb8c                	sw	a1,16(a5)
    FLASH->ADDR = addr;
 4da:	cbd8                	sw	a4,20(a5)
    FLASH->CTLR = CR_STRT_Set | CR_PAGE_ER;
 4dc:	cb88                	sw	a0,16(a5)
    while (FLASH->STATR & FLASH_STATR_BSY);
 4de:	47d0                	lw	a2,12(a5)
 4e0:	8a05                	andi	a2,a2,1
 4e2:	fe75                	bnez	a2,4de <main+0x2e2>
    FLASH->CTLR = 0;
 4e4:	0007a823          	sw	zero,16(a5) # 40022010 <_eusrstack+0x20021810>
    for (int p = 0; p < NUM_PAGES; p++)
 4e8:	04070713          	addi	a4,a4,64 # 8000040 <dali_bootloader_105.c.ac1a524d+0x7fff990>
 4ec:	fed716e3          	bne	a4,a3,4d8 <main+0x2dc>
    uint16_t remaining = fw_total_size;
 4f0:	200007b7          	lui	a5,0x20000
 4f4:	0007d583          	lhu	a1,0(a5) # 20000000 <fw_total_size>
    uint16_t ee_addr = 0;
 4f8:	4681                	li	a3,0
    uint32_t addr = USER_CODE_BASE;
 4fa:	08000537          	lui	a0,0x8000
        uint8_t chunk = (remaining >= PAGE_SIZE) ? PAGE_SIZE : remaining;
 4fe:	04000493          	li	s1,64
    I2C1->CTLR1 |= I2C_CTLR1_START;
 502:	400057b7          	lui	a5,0x40005
    FLASH->CTLR = CR_PAGE_PG;
 506:	60c1                	lui	ra,0x10
    while (remaining > 0) {
 508:	eda1                	bnez	a1,560 <main+0x364>
    FLASH->CTLR = CR_LOCK_Set;
 50a:	400227b7          	lui	a5,0x40022
 50e:	08000713          	li	a4,128
 512:	cb98                	sw	a4,16(a5)
                copy_eeprom_to_flash();
                tx_byte(RESP_ACK);
 514:	4505                	li	a0,1
 516:	36b9                	jal	64 <tx_byte>
                break;
 518:	b5a9                	j	362 <main+0x166>
            if (my_addr_byte != 0xFF && addr != my_addr_byte && addr != 0xFF)
 51a:	4692                	lw	a3,4(sp)
            uint8_t addr = (frame >> 8);
 51c:	00845793          	srli	a5,s0,0x8
 520:	0ff7f793          	zext.b	a5,a5
            if (my_addr_byte != 0xFF && addr != my_addr_byte && addr != 0xFF)
 524:	f6f681e3          	beq	a3,a5,486 <main+0x28a>
 528:	f4e78fe3          	beq	a5,a4,486 <main+0x28a>
 52c:	b5a1                	j	374 <main+0x178>
            switch (data) {
 52e:	08800793          	li	a5,136
 532:	e4f411e3          	bne	s0,a5,374 <main+0x178>
                tx_byte(running_crc);
 536:	4502                	lw	a0,0(sp)
 538:	3635                	jal	64 <tx_byte>
                break;
 53a:	bd2d                	j	374 <main+0x178>
                tx_byte(RESP_ACK);
 53c:	4505                	li	a0,1
 53e:	361d                	jal	64 <tx_byte>
                page_pos = 0;
 540:	200007b7          	lui	a5,0x20000
 544:	00078223          	sb	zero,4(a5) # 20000004 <page_pos>
                ee_write_addr = 0;
 548:	200007b7          	lui	a5,0x20000
 54c:	00079123          	sh	zero,2(a5) # 20000002 <ee_write_addr>
                fw_total_size = 0;
 550:	200007b7          	lui	a5,0x20000
 554:	00079023          	sh	zero,0(a5) # 20000000 <fw_total_size>
                bulk_mode = 1;
 558:	4785                	li	a5,1
                running_crc = 0;
 55a:	c002                	sw	zero,0(sp)
                bulk_mode = 1;
 55c:	c43e                	sw	a5,8(sp)
                break;
 55e:	bd19                	j	374 <main+0x178>
        uint8_t chunk = (remaining >= PAGE_SIZE) ? PAGE_SIZE : remaining;
 560:	872e                	mv	a4,a1
 562:	00b4f463          	bgeu	s1,a1,56a <main+0x36e>
 566:	04000713          	li	a4,64
 56a:	01071613          	slli	a2,a4,0x10
 56e:	0ff77413          	zext.b	s0,a4
    I2C1->CTLR1 |= I2C_CTLR1_START;
 572:	4007d703          	lhu	a4,1024(a5)
        uint8_t chunk = (remaining >= PAGE_SIZE) ? PAGE_SIZE : remaining;
 576:	8241                	srli	a2,a2,0x10
    I2C1->CTLR1 |= I2C_CTLR1_START;
 578:	40078313          	addi	t1,a5,1024
 57c:	10076713          	ori	a4,a4,256
 580:	40e79023          	sh	a4,1024(a5)
    while (!(I2C1->STAR1 & I2C_STAR1_SB));
 584:	01435703          	lhu	a4,20(t1)
 588:	8b05                	andi	a4,a4,1
 58a:	df6d                	beqz	a4,584 <main+0x388>
    I2C1->DATAR = EE_I2C_ADDR;
 58c:	0a000713          	li	a4,160
 590:	00e31823          	sh	a4,16(t1)
    while (!(I2C1->STAR1 & I2C_STAR1_ADDR));
 594:	40078713          	addi	a4,a5,1024
 598:	01475303          	lhu	t1,20(a4)
 59c:	00237313          	andi	t1,t1,2
 5a0:	fe030ce3          	beqz	t1,598 <main+0x39c>
    (void)I2C1->STAR2;
 5a4:	01875303          	lhu	t1,24(a4)
    I2C1->DATAR = addr >> 8;
 5a8:	0086d313          	srli	t1,a3,0x8
 5ac:	00671823          	sh	t1,16(a4)
    while (!(I2C1->STAR1 & I2C_STAR1_TXE));
 5b0:	40078313          	addi	t1,a5,1024
 5b4:	01435703          	lhu	a4,20(t1)
 5b8:	08077713          	andi	a4,a4,128
 5bc:	df65                	beqz	a4,5b4 <main+0x3b8>
    I2C1->DATAR = addr & 0xFF;
 5be:	0ff6f713          	zext.b	a4,a3
 5c2:	00e31823          	sh	a4,16(t1)
    while (!(I2C1->STAR1 & I2C_STAR1_BTF));
 5c6:	40078313          	addi	t1,a5,1024
 5ca:	01435703          	lhu	a4,20(t1)
 5ce:	8b11                	andi	a4,a4,4
 5d0:	df6d                	beqz	a4,5ca <main+0x3ce>
    I2C1->CTLR1 |= I2C_CTLR1_START;
 5d2:	4007d703          	lhu	a4,1024(a5)
    while (!(I2C1->STAR1 & I2C_STAR1_SB));
 5d6:	40078313          	addi	t1,a5,1024
    I2C1->CTLR1 |= I2C_CTLR1_START;
 5da:	10076713          	ori	a4,a4,256
 5de:	40e79023          	sh	a4,1024(a5)
    while (!(I2C1->STAR1 & I2C_STAR1_SB));
 5e2:	01435703          	lhu	a4,20(t1)
 5e6:	8b05                	andi	a4,a4,1
 5e8:	df6d                	beqz	a4,5e2 <main+0x3e6>
    I2C1->DATAR = EE_I2C_ADDR | 1;
 5ea:	0a100713          	li	a4,161
 5ee:	00e31823          	sh	a4,16(t1)
    I2C1->CTLR1 |= I2C_CTLR1_ACK;
 5f2:	4007d703          	lhu	a4,1024(a5)
    while (!(I2C1->STAR1 & I2C_STAR1_ADDR));
 5f6:	40078313          	addi	t1,a5,1024
    I2C1->CTLR1 |= I2C_CTLR1_ACK;
 5fa:	40076713          	ori	a4,a4,1024
 5fe:	40e79023          	sh	a4,1024(a5)
    while (!(I2C1->STAR1 & I2C_STAR1_ADDR));
 602:	01435703          	lhu	a4,20(t1)
 606:	8b09                	andi	a4,a4,2
 608:	df6d                	beqz	a4,602 <main+0x406>
    (void)I2C1->STAR2;
 60a:	01835703          	lhu	a4,24(t1)
        if (i == len - 1)
 60e:	fff60393          	addi	t2,a2,-1
    (void)I2C1->STAR2;
 612:	4701                	li	a4,0
        if (i == len - 1)
 614:	00771e63          	bne	a4,t2,630 <main+0x434>
            I2C1->CTLR1 &= ~I2C_CTLR1_ACK;
 618:	4007d303          	lhu	t1,1024(a5)
 61c:	0342                	slli	t1,t1,0x10
 61e:	01035313          	srli	t1,t1,0x10
 622:	bff37313          	andi	t1,t1,-1025
 626:	0342                	slli	t1,t1,0x10
 628:	01035313          	srli	t1,t1,0x10
 62c:	40679023          	sh	t1,1024(a5)
        while (!(I2C1->STAR1 & I2C_STAR1_RXNE));
 630:	40078293          	addi	t0,a5,1024
 634:	0142d303          	lhu	t1,20(t0)
 638:	04037313          	andi	t1,t1,64
 63c:	fe030ce3          	beqz	t1,634 <main+0x438>
        buf[i] = I2C1->DATAR;
 640:	0102d283          	lhu	t0,16(t0)
 644:	01070313          	addi	t1,a4,16
 648:	930a                	add	t1,t1,sp
    for (uint8_t i = 0; i < len; i++) {
 64a:	0705                	addi	a4,a4,1
        buf[i] = I2C1->DATAR;
 64c:	00530023          	sb	t0,0(t1)
    for (uint8_t i = 0; i < len; i++) {
 650:	0ff77313          	zext.b	t1,a4
 654:	fc8360e3          	bltu	t1,s0,614 <main+0x418>
    I2C1->CTLR1 |= I2C_CTLR1_STOP;
 658:	4007d703          	lhu	a4,1024(a5)
            buf[i] = 0xFF;
 65c:	52fd                	li	t0,-1
    I2C1->CTLR1 |= I2C_CTLR1_STOP;
 65e:	20076713          	ori	a4,a4,512
 662:	40e79023          	sh	a4,1024(a5)
        for (uint8_t i = chunk; i < PAGE_SIZE; i++)
 666:	8732                	mv	a4,a2
 668:	0ff77313          	zext.b	t1,a4
 66c:	08931063          	bne	t1,s1,6ec <dali_bootloader_105.c.ac1a524d+0x3c>
    FLASH->CTLR = CR_PAGE_PG;
 670:	40022737          	lui	a4,0x40022
 674:	00172823          	sw	ra,16(a4) # 40022010 <_eusrstack+0x20021810>
    FLASH->CTLR = CR_BUF_RST | CR_PAGE_PG;
 678:	00090337          	lui	t1,0x90
 67c:	00672823          	sw	t1,16(a4)
    FLASH->ADDR = addr;
 680:	cb48                	sw	a0,20(a4)
    while (FLASH->STATR & FLASH_STATR_BSY);
 682:	40022337          	lui	t1,0x40022
 686:	00c32703          	lw	a4,12(t1) # 4002200c <_eusrstack+0x2002180c>
 68a:	8b05                	andi	a4,a4,1
 68c:	ff6d                	bnez	a4,686 <main+0x48a>
        FLASH->CTLR = CR_PAGE_PG | CR_BUF_LOAD;
 68e:	40022337          	lui	t1,0x40022
 692:	000503b7          	lui	t2,0x50
        dst[i] = buf[i];
 696:	01070413          	addi	s0,a4,16
 69a:	940a                	add	s0,s0,sp
 69c:	4000                	lw	s0,0(s0)
 69e:	00e502b3          	add	t0,a0,a4
 6a2:	0082a023          	sw	s0,0(t0)
        FLASH->CTLR = CR_PAGE_PG | CR_BUF_LOAD;
 6a6:	00732823          	sw	t2,16(t1) # 40022010 <_eusrstack+0x20021810>
        while (FLASH->STATR & FLASH_STATR_BSY);
 6aa:	00c32283          	lw	t0,12(t1)
 6ae:	0012f293          	andi	t0,t0,1
 6b2:	fe029ce3          	bnez	t0,6aa <main+0x4ae>
    for (int i = 0; i < 16; i++) {
 6b6:	0711                	addi	a4,a4,4
 6b8:	fc971fe3          	bne	a4,s1,696 <main+0x49a>
    FLASH->CTLR = CR_PAGE_PG | CR_STRT_Set;
 6bc:	6741                	lui	a4,0x10
 6be:	04070713          	addi	a4,a4,64 # 10040 <dali_bootloader_105.c.ac1a524d+0xf990>
 6c2:	00e32823          	sw	a4,16(t1)
    while (FLASH->STATR & FLASH_STATR_BSY);
 6c6:	40022337          	lui	t1,0x40022
 6ca:	00c32703          	lw	a4,12(t1) # 4002200c <_eusrstack+0x2002180c>
 6ce:	8b05                	andi	a4,a4,1
 6d0:	ff6d                	bnez	a4,6ca <dali_bootloader_105.c.ac1a524d+0x1a>
        ee_addr += chunk;
 6d2:	96b2                	add	a3,a3,a2
        remaining -= chunk;
 6d4:	40c58633          	sub	a2,a1,a2
        ee_addr += chunk;
 6d8:	06c2                	slli	a3,a3,0x10
        remaining -= chunk;
 6da:	01061593          	slli	a1,a2,0x10
    FLASH->CTLR = 0;
 6de:	00032823          	sw	zero,16(t1)
        addr += PAGE_SIZE;
 6e2:	04050513          	addi	a0,a0,64 # 8000040 <dali_bootloader_105.c.ac1a524d+0x7fff990>
        ee_addr += chunk;
 6e6:	82c1                	srli	a3,a3,0x10
        remaining -= chunk;
 6e8:	81c1                	srli	a1,a1,0x10
 6ea:	bd39                	j	508 <main+0x30c>
            buf[i] = 0xFF;
 6ec:	01070413          	addi	s0,a4,16
 6f0:	00240333          	add	t1,s0,sp
 6f4:	00530023          	sb	t0,0(t1)
        for (uint8_t i = chunk; i < PAGE_SIZE; i++)
 6f8:	0705                	addi	a4,a4,1
 6fa:	b7bd                	j	668 <main+0x46c>

            case CMD_BOOT:
                tx_byte(RESP_ACK);
 6fc:	4505                	li	a0,1
 6fe:	329d                	jal	64 <tx_byte>
                delay(BIT_CYCLES * 8);
 700:	00027537          	lui	a0,0x27
 704:	10050513          	addi	a0,a0,256 # 27100 <dali_bootloader_105.c.ac1a524d+0x26a50>
 708:	3215                	jal	2c <delay>
    FLASH->BOOT_MODEKEYR = FLASH_KEY1;
 70a:	45670737          	lui	a4,0x45670
 70e:	400227b7          	lui	a5,0x40022
 712:	12370713          	addi	a4,a4,291 # 45670123 <_eusrstack+0x2566f923>
 716:	d798                	sw	a4,40(a5)
    FLASH->BOOT_MODEKEYR = FLASH_KEY2;
 718:	cdef9737          	lui	a4,0xcdef9
 71c:	9ab70713          	addi	a4,a4,-1621 # cdef89ab <_eusrstack+0xadef81ab>
 720:	d798                	sw	a4,40(a5)
    FLASH->STATR = 0;
 722:	0007a623          	sw	zero,12(a5) # 4002200c <_eusrstack+0x2002180c>
    FLASH->CTLR = CR_LOCK_Set;
 726:	08000713          	li	a4,128
 72a:	cb98                	sw	a4,16(a5)
    PFIC->SCTLR = 1 << 31;
 72c:	e000f7b7          	lui	a5,0xe000f
 730:	80000737          	lui	a4,0x80000
 734:	d0e7a823          	sw	a4,-752(a5) # e000ed10 <_eusrstack+0xc000e510>
}
 738:	b935                	j	374 <main+0x178>
	...
